SQL> CREATE TABLE DOCTOR (
  2  DOCTORID NUMBER(5) PRIMARY KEY CHECK(DOCTORID  > 0) CHECK(LENGTH(DOCTORID )=5),
  3  FIRSTNAME VARCHAR(50) NOT NULL,
  4  LASTNAME VARCHAR(50) NOT NULL,
  5  EMAIL VARCHAR(20) UNIQUE,
  6  AGE NUMBER(2) CHECK(AGE>0),
  7  ADDRESS VARCHAR(100),
  8  PH_NO NUMBER(10) CHECK(PH_NO>0) CHECK(LENGTH(PH_NO)=10)
  9  );
CREATE TABLE DOCTOR (
             *
ERROR at line 1:
ORA-00955: name is already used by an existing object 


SQL> ED
Wrote file afiedt.buf

  1  CREATE TABLE DOCTOR1 (
  2  DOCTORID NUMBER(5) PRIMARY KEY CHECK(DOCTORID  > 0) CHECK(LENGTH(DOCTORID )=5),
  3  FIRSTNAME VARCHAR(50) NOT NULL,
  4  LASTNAME VARCHAR(50) NOT NULL,
  5  EMAIL VARCHAR(20) UNIQUE,
  6  AGE NUMBER(2) CHECK(AGE>0),
  7  ADDRESS VARCHAR(100),
  8  PH_NO NUMBER(10) CHECK(PH_NO>0) CHECK(LENGTH(PH_NO)=10)
  9* )
SQL> /

Table created.

SQL> ED
Wrote file afiedt.buf

  1  CREATE TABLE CUSTOMER1 (
  2  CUSTOMERID NUMBER(5) PRIMARY KEY CHECK(CUSTOMERID > 0) 
  3  FIRSTNAME VARCHAR(50) NOT NULL,
  4  LASTNAME VARCHAR(50) NOT NULL,
  5  EMAIL VARCHAR(20) UNIQUE,
  6  AGE NUMBER(2) CHECK(AGE>0),
  7  PH_NO NUMBER(10) CHECK(PH_NO>0) CHECK(LENGTH(PH_NO)=10)
  8* )
SQL> /
FIRSTNAME VARCHAR(50) NOT NULL,
*
ERROR at line 3:
ORA-00907: missing right parenthesis 


SQL> ED
Wrote file afiedt.buf

  1  CREATE TABLE PRODUCT1(
  2  PRODUCTID NUMBER(5) PRIMARY KEY CHECK(PRODUCTID  > 0) CHECK(LENGTH(PRODUCTID )=5),
  3  PRODUCTNAME VARCHAR(50) NOT NULL,
  4  CATEGORY VARCHAR(50)
  5* )
SQL> /

Table created.

SQL> ED
Wrote file afiedt.buf

  1  CREATE TABLE Employee1 (
  2  EmployeeID NUMBER(5) PRIMARY KEY CHECK(EmployeeID  > 0) CHECK(LENGTH(EmployeeID )=5),
  3  FIRSTNAME VARCHAR(50) NOT NULL,
  4  LASTNAME VARCHAR(50) NOT NULL,
  5  EMAIL VARCHAR(20) UNIQUE,
  6  AGE NUMBER(2) CHECK(AGE>0),
  7  PH_NO NUMBER(10) CHECK(PH_NO>0) CHECK(LENGTH(PH_NO)=10)
  8* )/
SQL> /
)/
 *
ERROR at line 8:
ORA-00922: missing or invalid option 


SQL> ED
Wrote file afiedt.buf

  1  CREATE TABLE Employee1 (
  2  EmployeeID NUMBER(5) PRIMARY KEY CHECK(EmployeeID  > 0) CHECK(LENGTH(EmployeeID )=5),
  3  FIRSTNAME VARCHAR(50) NOT NULL,
  4  LASTNAME VARCHAR(50) NOT NULL,
  5  EMAIL VARCHAR(20) UNIQUE,
  6  AGE NUMBER(2) CHECK(AGE>0),
  7  PH_NO NUMBER(10) CHECK(PH_NO>0) CHECK(LENGTH(PH_NO)=10)
  8* )
SQL> /

Table created.

SQL> ED
Wrote file afiedt.buf

  1   CREATE TABLE CUSTOMER1 (
  2   CUSTOMERID NUMBER(5) PRIMARY KEY CHECK(CUSTOMERID > 0)
  3   CUSTOMERNAME VARCHAR(20) NOT NULL,
  4   EMAIL VARCHAR(20) UNIQUE,
  5   AGE NUMBER(2) CHECK(AGE>0),
  6   PH_NO NUMBER(10) CHECK(PH_NO>0) CHECK(LENGTH(PH_NO)=10)
  7*  )
SQL> /
 CUSTOMERNAME VARCHAR(20) NOT NULL,
 *
ERROR at line 3:
ORA-00907: missing right parenthesis 


SQL> ED
Wrote file afiedt.buf

  1   CREATE TABLE CUSTOMER1 (
  2   CUSTOMERID NUMBER(5) PRIMARY KEY CHECK(CUSTOMERID > 0)
  3   EMAIL VARCHAR(20) UNIQUE,
  4   AGE NUMBER(2) CHECK(AGE>0),
  5   PH_NO NUMBER(10) CHECK(PH_NO>0) CHECK(LENGTH(PH_NO)=10)
  6*  )
SQL> /
 EMAIL VARCHAR(20) UNIQUE,
 *
ERROR at line 3:
ORA-00907: missing right parenthesis 


SQL> ED
Wrote file afiedt.buf

  1   CREATE TABLE CUSTOMER1 (
  2   CUSTOMERID NUMBER(5) PRIMARY KEY CHECK(CUSTOMERID > 0)
  3   EMAIL VARCHAR(20) UNIQUE,
  4   AGE NUMBER(2) CHECK(AGE>0),
  5   PH_NO NUMBER(10) CHECK(PH_NO>0) CHECK(LENGTH(PH_NO)=10)
  6*  );
SQL> /
 EMAIL VARCHAR(20) UNIQUE,
 *
ERROR at line 3:
ORA-00907: missing right parenthesis 


SQL> SPOOL OFF
